This file contains the rendered output per line and its associated metadata.

Lines that begin with a line number contains (after the '|') the contents that
will be inserted into the vim buffer at that line. The immediately following
line contains an object representing associated metadata.
-------------------------------------------------------------------------------

001|^N{[+] 
   |{'s': 'kythe://chromium?lang=c%2B%2B?path=src/net/http/http_auth_handler_negotiate_unittest.cc#K4ikCIS9mEQ2mHfCRGMW5LQewkaTRwkdAaRECIIEiX8%3D'}
002|
   |{}
003|}N_
   |{}
